I'm sorry, but errors were detected in your script. Please correct the
errors listed below, and try again.


File "game/script.rpy", line 166: Line is indented, but the preceding say statement statement does not expect a block. Please check this line's indentation.
    menu:
    ^

Ren'Py Version: Ren'Py 7.3.5.606
Thu Jan 23 12:22:39 2020
